{
	IDENTIFIER 0..3
	ERROR 3..4
	IDENTIFIER 4..7
	ERROR 7..8
	IDENTIFIER 8..11
	ERROR 11..12
	IDENTIFIER 12..15
	ERROR 15..16
	IDENTIFIER 16..19
}
tests_lex:1:4: error: invalid token “$”
tests_lex:1:8: error: invalid token “@”
tests_lex:1:12: error: invalid token “`”
tests_lex:1:16: error: invalid token “?”
