{
	PLUS 0..1
	DASH 1..2
	STAR 2..3
	SLASH 3..4
	LBRACE 5..6
	RBRACE 6..7
	LPAREN 7..8
	RPAREN 8..9
	LSQUARE 9..10
	RSQUARE 10..11
	EQUAL 12..13
	EQUAL_EQUAL 14..16
	BANG_EQUAL 17..19
	LANGLE 20..21
	LANGLE_EQUAL 22..24
	RANGLE 25..26
	RANGLE_EQUAL 27..29
	COLON 30..31
	COLON_EQUAL 31..33
	SEMI 33..34
	AMPERSAND 35..36
}
