func main {
	var x = 50
	var y = x
	var z = <missing>
	var a = 1
	var b = <missing>
	set x = 92
}
tests_parse:23..24: error: missing “;”
tests_parse:34..35: error: missing “;”
tests_parse:43..44: error: missing expression
tests_parse:43..44: error: missing “;”
tests_parse:54..55: error: missing “;”
tests_parse:63..64: error: missing expression
tests_parse:63..64: error: missing “;”
tests_parse:75..76: error: missing “;”
