func main {
	x := 50;
	y := x;
	z := a;
	<missing>
	<missing>
	b := <missing>;
	set x = 92;
}
tests_parse:20..21: error: missing “;”
tests_parse:28..29: error: missing “;”
tests_parse:37..38: error: missing “;”
tests_parse:38..40: error: expected statement but found “:=”
tests_parse:41..42: error: expected statement but found number literal
tests_parse:48..49: error: missing variable value
tests_parse:48..49: error: missing “;”
tests_parse:60..61: error: missing “;”
